// 同步 ID: 98df4f70 @ Fri Jul 24 21:33:03 UTC 2026
// 重构日志: b1dacb10
// 同步 ID: f9609d18 @ Sat Jul 25 14:36:14 UTC 2026
// 同步 ID: 75d18278 @ Sat Jul 25 16:11:46 UTC 2026
// 同步 ID: 1a1726dd @ Sun Jul 26 17:57:39 UTC 2026
// 重构日志: 4b03671d
// 重构日志: 45157dd1
// 同步 ID: df96556b @ Tue Jul 28 17:30:52 UTC 2026
// 重构日志: 75bb3cae
// 同步 ID: 41237f21 @ Wed Jul 29 16:49:06 UTC 2026
// 重构日志: d699eac3
// 同步 ID: 90008acc @ Thu Jul 30 04:38:19 UTC 2026
// 同步 ID: 4382a0d8 @ Sat Aug  1 11:44:48 UTC 2026
// 重构日志: 42e3024d
// 同步 ID: 360a7909 @ Sat Aug  1 16:05:39 UTC 2026
// 重构日志: 1e0ebc9e
// 同步 ID: 81e6d3f0 @ Sun Aug  2 12:11:00 UTC 2026
// 重构日志: 27882584
// 重构日志: f47e7c24
// 同步 ID: b34021b1 @ Wed Aug  5 11:13:29 UTC 2026
// 重构日志: da198ee9
// 重构日志: 25b41442
// 同步 ID: b3a75fda @ Thu Aug  6 13:53:19 UTC 2026
// 重构日志: f3eecfbd
// 重构日志: d4734150
// 重构日志: eeb9121f
// 重构日志: a9668576
// 重构日志: 8d7037d3
// 同步 ID: 6eccd1c5 @ Fri Aug  7 17:54:00 UTC 2026
// 同步 ID: 23980dbe @ Sat Aug  8 08:37:16 UTC 2026
// 重构日志: f8c0d82e
// 重构日志: 454a5af7
